 Irradiation is turned on
 Using input spectrum for irradiation
 Stellar specturm scaling set to   1.00000000000000     
 Stellar spectrum read:        7949 points. First entry: wl =
   1249.78000000000       flux =  7.480404670000000E-010
 Non-equilibrium Chemistry is turned on
 Photorates included
 with photo chemistry scaled by   1.00000000000000     
 Initial abund. mode on: Reading krome_init_abund.dat
 Virga cloud model is turned off
 Metallicity is    1.00000000000000       time(s) solar.
 molecules/atoms included are: 
 SO2 TiH CO2 OH  CrH CH  AlClZrO PO  NaClSiS NO  LiF HCN C3  C2H2MgH TiO CaH 
 SiO LiClPH3 H2  C2  KCl HCl CP  LiH NaH AlF FeH BeH MgF CaF CH4 CO  CN  H2CO
 NH3 AlO VO  SiH PN  CS  KF  H2O PS  SN  AlH NaF HS  NH  Al  Be  Ca  Cl  C   
 Cr  Fe  F   K   Li  Mg  Na  N   O   P   Si  S   Ti  V   Zr  O2  O3  CH3SOCS 
 N2O CH3 SO3 H2O2HNO3H2S C2H6C4H2CH2OCH3CCH3OCS2 HC3NHO2 HNO2NO2 N2  S2  SO  
 C2H C2H3C2H5C3H3CH2 CH3CCH3NCH3SHCO HNC HNCONH2 HNO4N2O5NO3 CH2NH2SOS4  C3H6
 C4H4C6H6N2H4C2H3C2H5CH3SC3H4C4H8C2H6C4H6H2CSC2H4
 CIA pairs included are: 
 N2-N2
 O2-O2
 O2-N2
 CO2-CO2
 N2-He
 N2-CH4
 N2-H2
 N2-H2O
 O2-CO2
 CO2-He
 CO2-CH4
 CO2-H2
 CO2-H2O
 CH4-He
 H2-CH4
 H2-H2
 H2-H
 H2-He
 He-H
 Initiation finished.
 
 Iteration #             1 started
 Total time spent:  0:00:07
 Found krome_flux_rad.dat, write data into FLUX_RAD
 The following         133 species are found in your krome build
 O2          O           H2O         H           OH          O3          
 H2O2        CO2         CO          C           HCHO        H2          
 CHO         HO2         CH4O2       CH3O        N2O         N2          
 HNO2        NO          HNO3        NO2         N           HNO4        
 NO3         N2O5        SO          S           SO2         H2S         
 SH          H2SO4       SO3         HSO         CH4         CH2_SING    
 CH3         CH2         CH          O_1D        CH3SCH3     CH3S        
 S2          CS          H2CS        C2H2        C2H         C2H4        
 C2H6        CH3OH       H2CO        CH3CHO      HCO         NH3         
 NH2         NH          HCN         CN          HNCO        NCO         
 OCS         CS2         CH3SH       C2          C2H3        C2H5        
 HNC         PH3         PH2         HC3N        N2H4        N2H3        
 C4H2        S4          CH2N2       C4H4        C3H6        C3H4        
 CH3CN       C4H         SO2_SING    SO2_TRIP    CH2O        CH2_TRIP    
 M           CH2OH       CH3O2       CH2OOH      CH2OO       HSO3        
 CH3SOCH3    CH3SCH2     CH3SOHCH3   CH3SO       C2H6SO      C5H10O2S    
 CH2CHCOO    C4H10S      C2H5SH      C4H10S2     CH2S        CH3CO       
 N2H2        N2H         HNO         CH2NH2      CH2NH       CH3NH2      
 H2CN        CH2CN       C2H3CN      C3H3        C3H2        C6H5        
 C6H6        NS          COS         HS2         S8          HCS         
 S3          C4H3        C4H5        CH3CCH      CH2CCH2     H2CCO       
 C3H5        N_2D        C4H6        C3H7        CHN2        CH2O2       
 C4H8        
 H2O2 has not been found in MARCS
 HCHO has not been found in MARCS
 CHO has not been found in MARCS
 CH4O2 has not been found in MARCS
 CH3O has not been found in MARCS
 HNO4 has not been found in MARCS
 SH has not been found in MARCS
 HSO has not been found in MARCS
 CH2_SING has not been found in MARCS
 O_1D has not been found in MARCS
 CH3SCH3 has not been found in MARCS
 CH3S has not been found in MARCS
 H2CS has not been found in MARCS
 C2H6 has not been found in MARCS
 CH3OH has not been found in MARCS
 CH3CHO has not been found in MARCS
 HNCO has not been found in MARCS
 NCO has not been found in MARCS
 OCS has not been found in MARCS
 CH3SH has not been found in MARCS
 C2H3 has not been found in MARCS
 C2H5 has not been found in MARCS
 HNC has not been found in MARCS
 HC3N has not been found in MARCS
 N2H3 has not been found in MARCS
 C4H2 has not been found in MARCS
 CH2N2 has not been found in MARCS
 C4H4 has not been found in MARCS
 C3H6 has not been found in MARCS
 C3H4 has not been found in MARCS
 CH3CN has not been found in MARCS
 C4H has not been found in MARCS
 SO2_SING has not been found in MARCS
 SO2_TRIP has not been found in MARCS
 CH2O has not been found in MARCS
 CH2_TRIP has not been found in MARCS
 CH2OH has not been found in MARCS
 CH3O2 has not been found in MARCS
 CH2OOH has not been found in MARCS
 CH2OO has not been found in MARCS
 HSO3 has not been found in MARCS
 CH3SOCH3 has not been found in MARCS
 CH3SCH2 has not been found in MARCS
 CH3SOHCH3 has not been found in MARCS
 CH3SO has not been found in MARCS
 C2H6SO has not been found in MARCS
 C5H10O2S has not been found in MARCS
 CH2CHCOO has not been found in MARCS
 C4H10S has not been found in MARCS
 C2H5SH has not been found in MARCS
 C4H10S2 has not been found in MARCS
 CH2S has not been found in MARCS
 CH3CO has not been found in MARCS
 N2H has not been found in MARCS
 CH2NH2 has not been found in MARCS
 CH2NH has not been found in MARCS
 CH3NH2 has not been found in MARCS
 H2CN has not been found in MARCS
 CH2CN has not been found in MARCS
 C2H3CN has not been found in MARCS
 C3H3 has not been found in MARCS
 C3H2 has not been found in MARCS
 C6H5 has not been found in MARCS
 C6H6 has not been found in MARCS
 NS has not been found in MARCS
 HS2 has not been found in MARCS
 HCS has not been found in MARCS
 C4H3 has not been found in MARCS
 C4H5 has not been found in MARCS
 CH3CCH has not been found in MARCS
 CH2CCH2 has not been found in MARCS
 H2CCO has not been found in MARCS
 C3H5 has not been found in MARCS
 N_2D has not been found in MARCS
 C4H6 has not been found in MARCS
 C3H7 has not been found in MARCS
 CHN2 has not been found in MARCS
 CH2O2 has not been found in MARCS
 C4H8 has not been found in MARCS
 Species not found in MARCS or initial abundances
 will be set to default abundance   9.999999999999999E-021
 krome_init_abund.dat: loaded initial mixing ratios
 Current Teff...    300.689680954288     
 Max corr. to T wanted was    -23.7 K for iteration   1 (layer 54, logtau  2.60)
 Maximum correction applied was   5.0 for applied kort = 5 (largest wanted was layer 54)
 
 Iteration #             2 started
 Total time spent:  0:05:15
 Current Teff...    300.013229329333     
 Max corr. to T wanted was     28.6 K for iteration   2 (layer 55, logtau  2.70)
 Maximum correction applied was   5.0 for applied kort = 5 (largest wanted was layer 55)
 
 Iteration #             3 started
 Total time spent:  0:09:35
 Current Teff...    300.779526763200     
 Max corr. to T wanted was   -129.9 K for iteration   3 (layer 74, logtau  4.60)
 Maximum correction applied was   2.5 for applied kort = 5 (largest wanted was layer 74)
 
 Iteration #             4 started
 Total time spent:  0:13:54
 Current Teff...    299.859634720934     
 Max corr. to T wanted was    -37.5 K for iteration   4 (layer 74, logtau  4.60)
 Maximum correction applied was   3.0 for applied kort = 5 (largest wanted was layer 74)
 
 Iteration #             5 started
 Total time spent:  0:18:13
 Current Teff...    300.996422228650     
 Max corr. to T wanted was   -104.5 K for iteration   5 (layer 74, logtau  4.60)
 Maximum correction applied was   3.6 for applied kort = 5 (largest wanted was layer 74)
 
 Iteration #             6 started
 Total time spent:  0:22:33
 Current Teff...    299.598671672284     
 Max corr. to T wanted was    -17.8 K for iteration   6 (layer 50, logtau  2.20)
 Maximum correction applied was   1.8 for applied kort = 5 (largest wanted was layer 50)
 
 Iteration #             7 started
 Total time spent:  0:26:53
 Current Teff...    300.786109307065     
 Max corr. to T wanted was    -63.3 K for iteration   7 (layer 74, logtau  4.60)
 Maximum correction applied was   0.9 for applied kort = 5 (largest wanted was layer 74)
 
 Iteration #             8 started
 Total time spent:  0:31:12
 Current Teff...    300.079488611861     
 Max corr. to T wanted was    -71.1 K for iteration   8 (layer 74, logtau  4.60)
 Maximum correction applied was   1.1 for applied kort = 5 (largest wanted was layer 74)
 
 Iteration #             9 started
 Total time spent:  0:35:31
 Current Teff...    300.604940460345     
 Max corr. to T wanted was    -91.9 K for iteration   9 (layer 74, logtau  4.60)
 Maximum correction applied was   1.3 for applied kort = 5 (largest wanted was layer 74)
 
 Iteration #            10 started
 Total time spent:  0:39:50
 Current Teff...    299.905401738934     
 Max corr. to T wanted was    -67.1 K for iteration  10 (layer 74, logtau  4.60)
 Maximum correction applied was   1.6 for applied kort = 5 (largest wanted was layer 74)
 in archiv; k,t,pe,ppel =   1 270.687   0.974E-40   0.839E-63
 in archiv; k,t,pe,ppel =  74 864.973   0.146E-08   0.428E-12
 Total time spent:  0:44:09
 
 Successful termination of execution!
 
 WARNING: Maximum number of iterations reached
